// Jest Snapshot v1, https://goo.gl/fbAQLP

exports[`Test Mission component Renders well 1`] = `
<div
  className="container"
/>
`;
